MSBuild: C:\Program Files\Microsoft Visual Studio\18\Community\MSBuild\Current\Bin\MSBuild.exe
Building managed projects...
C:\Users\tagyo\Documents\AOSharpDotNet\AOSharp.sln.metaproj : warning MSB4121: The project configuration for project "NativeHost" was not specified in the solution file for the solution configuration "Debug|Any CPU". [C:\Users\tagyo\Documents\AOSharpDotNet\AOSharp.sln]
  Determining projects to restore...
  All projects are up-to-date for restore.
C:\Users\tagyo\Documents\AOSharpDotNet\AOSharp.sln.metaproj : warning MSB4121: The project configuration for project "NativeHost" was not specified in the solution file for the solution configuration "Debug|Any CPU". [C:\Users\tagyo\Documents\AOSharpDotNet\AOSharp.sln]
C:\Users\tagyo\Documents\AOSharpDotNet\AOSharp.Common\Unmanaged\DataTypes\StdString.cs(8,18): warning CS0659: 'StdString' overrides Object.Equals(object o) but does not override Object.GetHashCode() [C:\Users\tagyo\Documents\AOSharpDotNet\AOSharp.Common\AOSharp.Common.csproj]
C:\Users\tagyo\Documents\AOSharpDotNet\AOSharp.Common\Unmanaged\DataTypes\StdString.cs(8,18): warning CS0661: 'StdString' defines operator == or operator != but does not override Object.GetHashCode() [C:\Users\tagyo\Documents\AOSharpDotNet\AOSharp.Common\AOSharp.Common.csproj]
C:\Users\tagyo\Documents\AOSharpDotNet\AOSharp.Common\IPC\IPCChannel.cs(67,30): warning CS0168: The variable 'e' is declared but never used [C:\Users\tagyo\Documents\AOSharpDotNet\AOSharp.Common\AOSharp.Common.csproj]
C:\Users\tagyo\Documents\AOSharpDotNet\AOSharp.Common\IPC\IPCChannel.cs(135,30): warning CS0168: The variable 'e' is declared but never used [C:\Users\tagyo\Documents\AOSharpDotNet\AOSharp.Common\AOSharp.Common.csproj]
C:\Users\tagyo\Documents\AOSharpDotNet\AOSharp.Common\GameData\Identity.cs(106,20): warning CS8073: The result of the expression is always 'true' since a value of type 'Identity' is never equal to 'null' of type 'Identity?' [C:\Users\tagyo\Documents\AOSharpDotNet\AOSharp.Common\AOSharp.Common.csproj]
  AOSharp.Common -> C:\Users\tagyo\Documents\AOSharpDotNet\bin\Debug\net8.0-windows\AOSharp.Common.dll
C:\Users\tagyo\Documents\AOSharpDotNet\AOSharp.Bootstrap\Main.cs(115,10): warning CA2255: The 'ModuleInitializer' attribute is only intended to be used in application code or advanced source generator scenarios (https://learn.microsoft.com/dotnet/fundamentals/code-analysis/quality-rules/ca2255) [C:\Users\tagyo\Documents\AOSharpDotNet\AOSharp.Bootstrap\AOSharp.Bootstrap.csproj]
C:\Users\tagyo\Documents\AOSharpDotNet\AOSharp.Bootstrap\IPC\IPCServer.cs(36,84): warning CA1416: This call site is reachable on all platforms. 'PipeTransmissionMode.Message' is supported on: 'windows'. (https://learn.microsoft.com/dotnet/fundamentals/code-analysis/quality-rules/ca1416) [C:\Users\tagyo\Documents\AOSharpDotNet\AOSharp.Bootstrap\AOSharp.Bootstrap.csproj]
  AOSharp.Bootstrap -> C:\Users\tagyo\Documents\AOSharpDotNet\bin\Debug\net8.0-windows\AOSharp.Bootstrap.dll
C:\Users\tagyo\Documents\AOSharpDotNet\AOSharp.Core\UI\Window.cs(12,7): warning CS0105: The using directive for 'AOSharp.Common.Unmanaged.Imports' appeared previously in this namespace [C:\Users\tagyo\Documents\AOSharpDotNet\AOSharp.Core\AOSharp.Core.csproj]
C:\Users\tagyo\Documents\AOSharpDotNet\AOSharp.Core\Dynel\SimpleItem.cs(21,21): warning CS0108: 'SimpleItem.Use()' hides inherited member 'Dynel.Use()'. Use the new keyword if hiding was intended. [C:\Users\tagyo\Documents\AOSharpDotNet\AOSharp.Core\AOSharp.Core.csproj]
C:\Users\tagyo\Documents\AOSharpDotNet\AOSharp.Core\Dynel\LockableContainer.cs(15,21): warning CS0108: 'LockableContainer.IsOpen' hides inherited member 'LockableItem.IsOpen'. Use the new keyword if hiding was intended. [C:\Users\tagyo\Documents\AOSharpDotNet\AOSharp.Core\AOSharp.Core.csproj]
C:\Users\tagyo\Documents\AOSharpDotNet\AOSharp.Core\DummyItem\PerkAction.cs(16,18): warning CS0660: 'PerkAction' defines operator == or operator != but does not override Object.Equals(object o) [C:\Users\tagyo\Documents\AOSharpDotNet\AOSharp.Core\AOSharp.Core.csproj]
C:\Users\tagyo\Documents\AOSharpDotNet\AOSharp.Core\DummyItem\PerkAction.cs(16,18): warning CS0661: 'PerkAction' defines operator == or operator != but does not override Object.GetHashCode() [C:\Users\tagyo\Documents\AOSharpDotNet\AOSharp.Core\AOSharp.Core.csproj]
C:\Users\tagyo\Documents\AOSharpDotNet\AOSharp.Core\UI\InventoryListViewItem.cs(20,49): warning CS0109: The member 'InventoryListViewItem.Create(int, Identity, bool)' does not hide an accessible member. The new keyword is not required. [C:\Users\tagyo\Documents\AOSharpDotNet\AOSharp.Core\AOSharp.Core.csproj]
C:\Users\tagyo\Documents\AOSharpDotNet\AOSharp.Core\DummyItem\ACGItem.cs(30,13): warning CS0618: 'ACGItem.LowId' is obsolete: 'LowId is deprecated, use Id instead.' [C:\Users\tagyo\Documents\AOSharpDotNet\AOSharp.Core\AOSharp.Core.csproj]
C:\Users\tagyo\Documents\AOSharpDotNet\AOSharp.Core\IAOPluginEntry.cs(102,13): warning CS0612: 'AOPluginEntry.Run(string)' is obsolete [C:\Users\tagyo\Documents\AOSharpDotNet\AOSharp.Core\AOSharp.Core.csproj]
C:\Users\tagyo\Documents\AOSharpDotNet\AOSharp.Core\UI\Window.cs(183,17): warning CS0472: The result of the expression is always 'false' since a value of type 'nint' is never equal to 'null' of type 'nint?' [C:\Users\tagyo\Documents\AOSharpDotNet\AOSharp.Core\AOSharp.Core.csproj]
C:\Users\tagyo\Documents\AOSharpDotNet\AOSharp.Core\GMI\GMI.cs(111,30): warning CS0168: The variable 'ex' is declared but never used [C:\Users\tagyo\Documents\AOSharpDotNet\AOSharp.Core\AOSharp.Core.csproj]
C:\Users\tagyo\Documents\AOSharpDotNet\AOSharp.Core\Network.cs(157,30): warning CS0168: The variable 'e' is declared but never used [C:\Users\tagyo\Documents\AOSharpDotNet\AOSharp.Core\AOSharp.Core.csproj]
C:\Users\tagyo\Documents\AOSharpDotNet\AOSharp.Core\SpecialAttack.cs(57,21): warning CS0472: The result of the expression is always 'false' since a value of type 'nint' is never equal to 'null' of type 'nint?' [C:\Users\tagyo\Documents\AOSharpDotNet\AOSharp.Core\AOSharp.Core.csproj]
C:\Users\tagyo\Documents\AOSharpDotNet\AOSharp.Core\SpecialAttack.cs(80,21): warning CS0472: The result of the expression is always 'false' since a value of type 'nint' is never equal to 'null' of type 'nint?' [C:\Users\tagyo\Documents\AOSharpDotNet\AOSharp.Core\AOSharp.Core.csproj]
C:\Users\tagyo\Documents\AOSharpDotNet\AOSharp.Core\GMI\GMI.cs(178,30): warning CS0168: The variable 'ex' is declared but never used [C:\Users\tagyo\Documents\AOSharpDotNet\AOSharp.Core\AOSharp.Core.csproj]
C:\Users\tagyo\Documents\AOSharpDotNet\AOSharp.Core\Perk.cs(158,24): warning CS0649: Field 'Perk.PerkMemStruct.TemplateInstance' is never assigned to, and will always have its default value 0 [C:\Users\tagyo\Documents\AOSharpDotNet\AOSharp.Core\AOSharp.Core.csproj]
C:\Users\tagyo\Documents\AOSharpDotNet\AOSharp.Core\Perk.cs(160,24): warning CS0649: Field 'Perk.PerkMemStruct.PerkType' is never assigned to, and will always have its default value 0 [C:\Users\tagyo\Documents\AOSharpDotNet\AOSharp.Core\AOSharp.Core.csproj]
C:\Users\tagyo\Documents\AOSharpDotNet\AOSharp.Core\Perk.cs(162,24): warning CS0649: Field 'Perk.PerkMemStruct.ActionInstance' is never assigned to, and will always have its default value 0 [C:\Users\tagyo\Documents\AOSharpDotNet\AOSharp.Core\AOSharp.Core.csproj]
C:\Users\tagyo\Documents\AOSharpDotNet\AOSharp.Core\Logging\ChatSink.cs(50,42): warning CS0169: The field 'ChatSink._formatProvider' is never used [C:\Users\tagyo\Documents\AOSharpDotNet\AOSharp.Core\AOSharp.Core.csproj]
C:\Users\tagyo\Documents\AOSharpDotNet\AOSharp.Core\Perk.cs(157,24): warning CS0649: Field 'Perk.PerkMemStruct.Instance' is never assigned to, and will always have its default value 0 [C:\Users\tagyo\Documents\AOSharpDotNet\AOSharp.Core\AOSharp.Core.csproj]
C:\Users\tagyo\Documents\AOSharpDotNet\AOSharp.Core\Perk.cs(163,24): warning CS0649: Field 'Perk.PerkMemStruct.RequiredExperience' is never assigned to, and will always have its default value 0 [C:\Users\tagyo\Documents\AOSharpDotNet\AOSharp.Core\AOSharp.Core.csproj]
C:\Users\tagyo\Documents\AOSharpDotNet\AOSharp.Core\Perk.cs(159,24): warning CS0649: Field 'Perk.PerkMemStruct.PrerequisitePerkInstance' is never assigned to, and will always have its default value 0 [C:\Users\tagyo\Documents\AOSharpDotNet\AOSharp.Core\AOSharp.Core.csproj]
C:\Users\tagyo\Documents\AOSharpDotNet\AOSharp.Core\Targeting.cs(16,33): warning CS0649: Field 'Targeting._localTarget' is never assigned to, and will always have its default value [C:\Users\tagyo\Documents\AOSharpDotNet\AOSharp.Core\AOSharp.Core.csproj]
C:\Users\tagyo\Documents\AOSharpDotNet\AOSharp.Core\Perk.cs(161,24): warning CS0649: Field 'Perk.PerkMemStruct.AllowedProfessions' is never assigned to, and will always have its default value 0 [C:\Users\tagyo\Documents\AOSharpDotNet\AOSharp.Core\AOSharp.Core.csproj]
  AOSharp.Core -> C:\Users\tagyo\Documents\AOSharpDotNet\bin\Debug\net8.0-windows\AOSharp.Core.dll
C:\Users\tagyo\Documents\AOSharpDotNet\TestPlugin\Main.cs(164,41): warning CS0618: 'Battlestation.Side' is obsolete: 'AOSharp.Core.Battlestation.Side is obsolete. Use AOSharp.Common.GameData.BattlestationSide instead.' [C:\Users\tagyo\Documents\AOSharpDotNet\TestPlugin\TestPlugin.csproj]
C:\Users\tagyo\Documents\AOSharpDotNet\TestPlugin\Main.cs(164,17): warning CS0618: 'Battlestation.JoinQueue(Battlestation.Side)' is obsolete: 'AOSharp.Core.JoinQueue(AOSharp.Core.Battlestation.Side) is deprecated. Use AOSharp.Core.JoinQueue(AOSharp.Common.GameData.BattlestationSide) instead' [C:\Users\tagyo\Documents\AOSharpDotNet\TestPlugin\TestPlugin.csproj]
C:\Users\tagyo\Documents\AOSharpDotNet\TestPlugin\Main.cs(193,43): warning CS8622: Nullability of reference types in type of parameter 's' of 'void Main.OnTestButtonClicked(object s, ButtonBase button)' doesn't match the target delegate 'EventHandler<ButtonBase>' (possibly because of nullability attributes). [C:\Users\tagyo\Documents\AOSharpDotNet\TestPlugin\TestPlugin.csproj]
C:\Users\tagyo\Documents\AOSharpDotNet\TestPlugin\Main.cs(199,44): warning CS8622: Nullability of reference types in type of parameter 's' of 'void Main.OnTestButtonClicked(object s, ButtonBase button)' doesn't match the target delegate 'EventHandler<ButtonBase>' (possibly because of nullability attributes). [C:\Users\tagyo\Documents\AOSharpDotNet\TestPlugin\TestPlugin.csproj]
C:\Users\tagyo\Documents\AOSharpDotNet\TestPlugin\Main.cs(219,17): warning CS8602: Dereference of a possibly null reference. [C:\Users\tagyo\Documents\AOSharpDotNet\TestPlugin\TestPlugin.csproj]
C:\Users\tagyo\Documents\AOSharpDotNet\TestPlugin\Main.cs(252,30): warning CS8622: Nullability of reference types in type of parameter 's' of 'void Main.OnUpdate(object s, float deltaTime)' doesn't match the target delegate 'EventHandler<float>' (possibly because of nullability attributes). [C:\Users\tagyo\Documents\AOSharpDotNet\TestPlugin\TestPlugin.csproj]
C:\Users\tagyo\Documents\AOSharpDotNet\TestPlugin\Main.cs(253,37): warning CS8622: Nullability of reference types in type of parameter 's' of 'void Main.Game_OnTeleportStarted(object s, EventArgs e)' doesn't match the target delegate 'EventHandler' (possibly because of nullability attributes). [C:\Users\tagyo\Documents\AOSharpDotNet\TestPlugin\TestPlugin.csproj]
C:\Users\tagyo\Documents\AOSharpDotNet\TestPlugin\Main.cs(254,35): warning CS8622: Nullability of reference types in type of parameter 's' of 'void Main.Game_OnTeleportEnded(object s, EventArgs e)' doesn't match the target delegate 'EventHandler' (possibly because of nullability attributes). [C:\Users\tagyo\Documents\AOSharpDotNet\TestPlugin\TestPlugin.csproj]
C:\Users\tagyo\Documents\AOSharpDotNet\TestPlugin\Main.cs(255,36): warning CS8622: Nullability of reference types in type of parameter 's' of 'void Main.Game_OnTeleportFailed(object s, EventArgs e)' doesn't match the target delegate 'EventHandler' (possibly because of nullability attributes). [C:\Users\tagyo\Documents\AOSharpDotNet\TestPlugin\TestPlugin.csproj]
C:\Users\tagyo\Documents\AOSharpDotNet\TestPlugin\Main.cs(256,35): warning CS8622: Nullability of reference types in type of parameter 's' of 'void Main.Game_PlayfieldInit(object s, uint id)' doesn't match the target delegate 'EventHandler<uint>' (possibly because of nullability attributes). [C:\Users\tagyo\Documents\AOSharpDotNet\TestPlugin\TestPlugin.csproj]
C:\Users\tagyo\Documents\AOSharpDotNet\TestPlugin\Main.cs(257,42): warning CS8622: Nullability of reference types in type of parameter 's' of 'void Main.Network_N3MessageReceived(object s, N3Message n3Msg)' doesn't match the target delegate 'EventHandler<N3Message>' (possibly because of nullability attributes). [C:\Users\tagyo\Documents\AOSharpDotNet\TestPlugin\TestPlugin.csproj]
C:\Users\tagyo\Documents\AOSharpDotNet\TestPlugin\Main.cs(258,39): warning CS8622: Nullability of reference types in type of parameter 's' of 'void Main.Network_PacketReceived(object s, byte[] packet)' doesn't match the target delegate 'EventHandler<byte[]>' (possibly because of nullability attributes). [C:\Users\tagyo\Documents\AOSharpDotNet\TestPlugin\TestPlugin.csproj]
C:\Users\tagyo\Documents\AOSharpDotNet\TestPlugin\Main.cs(259,44): warning CS8622: Nullability of reference types in type of parameter 's' of 'void Main.Network_ChatMessageReceived(object s, ChatMessageBody chatMessage)' doesn't match the target delegate 'EventHandler<ChatMessageBody>' (possibly because of nullability attributes). [C:\Users\tagyo\Documents\AOSharpDotNet\TestPlugin\TestPlugin.csproj]
C:\Users\tagyo\Documents\AOSharpDotNet\TestPlugin\Main.cs(260,33): warning CS8622: Nullability of reference types in type of parameter 's' of 'void Main.Team_TeamRequest(object s, TeamRequestEventArgs e)' doesn't match the target delegate 'EventHandler<TeamRequestEventArgs>' (possibly because of nullability attributes). [C:\Users\tagyo\Documents\AOSharpDotNet\TestPlugin\TestPlugin.csproj]
C:\Users\tagyo\Documents\AOSharpDotNet\TestPlugin\Main.cs(261,32): warning CS8622: Nullability of reference types in type of parameter 's' of 'void Main.Team_MemberLeft(object s, Identity leaver)' doesn't match the target delegate 'EventHandler<Identity>' (possibly because of nullability attributes). [C:\Users\tagyo\Documents\AOSharpDotNet\TestPlugin\TestPlugin.csproj]
C:\Users\tagyo\Documents\AOSharpDotNet\TestPlugin\Main.cs(262,30): warning CS8622: Nullability of reference types in type of parameter 's' of 'void Main.Item_ItemUsed(object s, ItemUsedEventArgs e)' doesn't match the target delegate 'EventHandler<ItemUsedEventArgs>' (possibly because of nullability attributes). [C:\Users\tagyo\Documents\AOSharpDotNet\TestPlugin\TestPlugin.csproj]
C:\Users\tagyo\Documents\AOSharpDotNet\TestPlugin\Main.cs(263,44): warning CS8622: Nullability of reference types in type of parameter 's' of 'void Main.NpcDialog_AnswerListChanged(object s, Dictionary<int, string> options)' doesn't match the target delegate 'EventHandler<Dictionary<int, string>>' (possibly because of nullability attributes). [C:\Users\tagyo\Documents\AOSharpDotNet\TestPlugin\TestPlugin.csproj]
C:\Users\tagyo\Documents\AOSharpDotNet\TestPlugin\Main.cs(264,42): warning CS8622: Nullability of reference types in type of parameter 'sender' of 'void Main.OnContainerOpened(object sender, Container container)' doesn't match the target delegate 'EventHandler<Container>' (possibly because of nullability attributes). [C:\Users\tagyo\Documents\AOSharpDotNet\TestPlugin\TestPlugin.csproj]
C:\Users\tagyo\Documents\AOSharpDotNet\TestPlugin\Main.cs(265,31): warning CS8622: Nullability of reference types in type of parameter 'sender' of 'void Main.DuelChallenged(object sender, DuelRequestEventArgs e)' doesn't match the target delegate 'EventHandler<DuelRequestEventArgs>' (possibly because of nullability attributes). [C:\Users\tagyo\Documents\AOSharpDotNet\TestPlugin\TestPlugin.csproj]
C:\Users\tagyo\Documents\AOSharpDotNet\TestPlugin\Main.cs(266,34): warning CS8622: Nullability of reference types in type of parameter 'sender' of 'void Main.DuelStatusChanged(object sender, DuelStatusChangedEventArgs e)' doesn't match the target delegate 'EventHandler<DuelStatusChangedEventArgs>' (possibly because of nullability attributes). [C:\Users\tagyo\Documents\AOSharpDotNet\TestPlugin\TestPlugin.csproj]
C:\Users\tagyo\Documents\AOSharpDotNet\TestPlugin\Main.cs(267,40): warning CS8622: Nullability of reference types in type of parameter 'sender' of 'void Main.OnInspect(object sender, InspectEventArgs inspectArgs)' doesn't match the target delegate 'EventHandler<InspectEventArgs>' (possibly because of nullability attributes). [C:\Users\tagyo\Documents\AOSharpDotNet\TestPlugin\TestPlugin.csproj]
C:\Users\tagyo\Documents\AOSharpDotNet\TestPlugin\Main.cs(380,17): warning CS8602: Dereference of a possibly null reference. [C:\Users\tagyo\Documents\AOSharpDotNet\TestPlugin\TestPlugin.csproj]
C:\Users\tagyo\Documents\AOSharpDotNet\TestPlugin\Main.cs(34,23): warning CS0169: The field 'Main._menu' is never used [C:\Users\tagyo\Documents\AOSharpDotNet\TestPlugin\TestPlugin.csproj]
  TestPlugin -> C:\Users\tagyo\Documents\AOSharpDotNet\TestPlugin\bin\Debug\net8.0-windows\TestPlugin.dll
C:\Users\tagyo\Documents\AOSharpDotNet\AOSharp\ObservableDictionary.cs(55,25): warning CS0109: The member 'ObservableDictionary<TKey, TValue>.Remove(TKey, TValue)' does not hide an accessible member. The new keyword is not required. [C:\Users\tagyo\Documents\AOSharpDotNet\AOSharp\AOSharp_xvz3eicd_wpftmp.csproj]
C:\Users\tagyo\Documents\AOSharpDotNet\AOSharp\Utils.cs(12,27): warning SYSLIB0021: 'MD5CryptoServiceProvider' is obsolete: 'Derived cryptographic types are obsolete. Use the Create method on the base type instead.' (https://aka.ms/dotnet-warnings/SYSLIB0021) [C:\Users\tagyo\Documents\AOSharpDotNet\AOSharp\AOSharp_xvz3eicd_wpftmp.csproj]
C:\Users\tagyo\Documents\AOSharpDotNet\AOSharp\ObservableDictionary.cs(55,25): warning CS0109: The member 'ObservableDictionary<TKey, TValue>.Remove(TKey, TValue)' does not hide an accessible member. The new keyword is not required. [C:\Users\tagyo\Documents\AOSharpDotNet\AOSharp\AOSharp.csproj]
C:\Users\tagyo\Documents\AOSharpDotNet\AOSharp\Utils.cs(12,27): warning SYSLIB0021: 'MD5CryptoServiceProvider' is obsolete: 'Derived cryptographic types are obsolete. Use the Create method on the base type instead.' (https://aka.ms/dotnet-warnings/SYSLIB0021) [C:\Users\tagyo\Documents\AOSharpDotNet\AOSharp\AOSharp.csproj]
  AOSharp -> C:\Users\tagyo\Documents\AOSharpDotNet\bin\Debug\net8.0-windows\AOSharp.dll

Build succeeded.

C:\Users\tagyo\Documents\AOSharpDotNet\AOSharp.sln.metaproj : warning MSB4121: The project configuration for project "NativeHost" was not specified in the solution file for the solution configuration "Debug|Any CPU". [C:\Users\tagyo\Documents\AOSharpDotNet\AOSharp.sln]
C:\Users\tagyo\Documents\AOSharpDotNet\AOSharp.sln.metaproj : warning MSB4121: The project configuration for project "NativeHost" was not specified in the solution file for the solution configuration "Debug|Any CPU". [C:\Users\tagyo\Documents\AOSharpDotNet\AOSharp.sln]
C:\Users\tagyo\Documents\AOSharpDotNet\AOSharp.Common\Unmanaged\DataTypes\StdString.cs(8,18): warning CS0659: 'StdString' overrides Object.Equals(object o) but does not override Object.GetHashCode() [C:\Users\tagyo\Documents\AOSharpDotNet\AOSharp.Common\AOSharp.Common.csproj]
C:\Users\tagyo\Documents\AOSharpDotNet\AOSharp.Common\Unmanaged\DataTypes\StdString.cs(8,18): warning CS0661: 'StdString' defines operator == or operator != but does not override Object.GetHashCode() [C:\Users\tagyo\Documents\AOSharpDotNet\AOSharp.Common\AOSharp.Common.csproj]
C:\Users\tagyo\Documents\AOSharpDotNet\AOSharp.Common\IPC\IPCChannel.cs(67,30): warning CS0168: The variable 'e' is declared but never used [C:\Users\tagyo\Documents\AOSharpDotNet\AOSharp.Common\AOSharp.Common.csproj]
C:\Users\tagyo\Documents\AOSharpDotNet\AOSharp.Common\IPC\IPCChannel.cs(135,30): warning CS0168: The variable 'e' is declared but never used [C:\Users\tagyo\Documents\AOSharpDotNet\AOSharp.Common\AOSharp.Common.csproj]
C:\Users\tagyo\Documents\AOSharpDotNet\AOSharp.Common\GameData\Identity.cs(106,20): warning CS8073: The result of the expression is always 'true' since a value of type 'Identity' is never equal to 'null' of type 'Identity?' [C:\Users\tagyo\Documents\AOSharpDotNet\AOSharp.Common\AOSharp.Common.csproj]
C:\Users\tagyo\Documents\AOSharpDotNet\AOSharp.Bootstrap\Main.cs(115,10): warning CA2255: The 'ModuleInitializer' attribute is only intended to be used in application code or advanced source generator scenarios (https://learn.microsoft.com/dotnet/fundamentals/code-analysis/quality-rules/ca2255) [C:\Users\tagyo\Documents\AOSharpDotNet\AOSharp.Bootstrap\AOSharp.Bootstrap.csproj]
C:\Users\tagyo\Documents\AOSharpDotNet\AOSharp.Bootstrap\IPC\IPCServer.cs(36,84): warning CA1416: This call site is reachable on all platforms. 'PipeTransmissionMode.Message' is supported on: 'windows'. (https://learn.microsoft.com/dotnet/fundamentals/code-analysis/quality-rules/ca1416) [C:\Users\tagyo\Documents\AOSharpDotNet\AOSharp.Bootstrap\AOSharp.Bootstrap.csproj]
C:\Users\tagyo\Documents\AOSharpDotNet\AOSharp.Core\UI\Window.cs(12,7): warning CS0105: The using directive for 'AOSharp.Common.Unmanaged.Imports' appeared previously in this namespace [C:\Users\tagyo\Documents\AOSharpDotNet\AOSharp.Core\AOSharp.Core.csproj]
C:\Users\tagyo\Documents\AOSharpDotNet\AOSharp.Core\Dynel\SimpleItem.cs(21,21): warning CS0108: 'SimpleItem.Use()' hides inherited member 'Dynel.Use()'. Use the new keyword if hiding was intended. [C:\Users\tagyo\Documents\AOSharpDotNet\AOSharp.Core\AOSharp.Core.csproj]
C:\Users\tagyo\Documents\AOSharpDotNet\AOSharp.Core\Dynel\LockableContainer.cs(15,21): warning CS0108: 'LockableContainer.IsOpen' hides inherited member 'LockableItem.IsOpen'. Use the new keyword if hiding was intended. [C:\Users\tagyo\Documents\AOSharpDotNet\AOSharp.Core\AOSharp.Core.csproj]
C:\Users\tagyo\Documents\AOSharpDotNet\AOSharp.Core\DummyItem\PerkAction.cs(16,18): warning CS0660: 'PerkAction' defines operator == or operator != but does not override Object.Equals(object o) [C:\Users\tagyo\Documents\AOSharpDotNet\AOSharp.Core\AOSharp.Core.csproj]
C:\Users\tagyo\Documents\AOSharpDotNet\AOSharp.Core\DummyItem\PerkAction.cs(16,18): warning CS0661: 'PerkAction' defines operator == or operator != but does not override Object.GetHashCode() [C:\Users\tagyo\Documents\AOSharpDotNet\AOSharp.Core\AOSharp.Core.csproj]
C:\Users\tagyo\Documents\AOSharpDotNet\AOSharp.Core\UI\InventoryListViewItem.cs(20,49): warning CS0109: The member 'InventoryListViewItem.Create(int, Identity, bool)' does not hide an accessible member. The new keyword is not required. [C:\Users\tagyo\Documents\AOSharpDotNet\AOSharp.Core\AOSharp.Core.csproj]
C:\Users\tagyo\Documents\AOSharpDotNet\AOSharp.Core\DummyItem\ACGItem.cs(30,13): warning CS0618: 'ACGItem.LowId' is obsolete: 'LowId is deprecated, use Id instead.' [C:\Users\tagyo\Documents\AOSharpDotNet\AOSharp.Core\AOSharp.Core.csproj]
C:\Users\tagyo\Documents\AOSharpDotNet\AOSharp.Core\IAOPluginEntry.cs(102,13): warning CS0612: 'AOPluginEntry.Run(string)' is obsolete [C:\Users\tagyo\Documents\AOSharpDotNet\AOSharp.Core\AOSharp.Core.csproj]
C:\Users\tagyo\Documents\AOSharpDotNet\AOSharp.Core\UI\Window.cs(183,17): warning CS0472: The result of the expression is always 'false' since a value of type 'nint' is never equal to 'null' of type 'nint?' [C:\Users\tagyo\Documents\AOSharpDotNet\AOSharp.Core\AOSharp.Core.csproj]
C:\Users\tagyo\Documents\AOSharpDotNet\AOSharp.Core\GMI\GMI.cs(111,30): warning CS0168: The variable 'ex' is declared but never used [C:\Users\tagyo\Documents\AOSharpDotNet\AOSharp.Core\AOSharp.Core.csproj]
C:\Users\tagyo\Documents\AOSharpDotNet\AOSharp.Core\Network.cs(157,30): warning CS0168: The variable 'e' is declared but never used [C:\Users\tagyo\Documents\AOSharpDotNet\AOSharp.Core\AOSharp.Core.csproj]
C:\Users\tagyo\Documents\AOSharpDotNet\AOSharp.Core\SpecialAttack.cs(57,21): warning CS0472: The result of the expression is always 'false' since a value of type 'nint' is never equal to 'null' of type 'nint?' [C:\Users\tagyo\Documents\AOSharpDotNet\AOSharp.Core\AOSharp.Core.csproj]
C:\Users\tagyo\Documents\AOSharpDotNet\AOSharp.Core\SpecialAttack.cs(80,21): warning CS0472: The result of the expression is always 'false' since a value of type 'nint' is never equal to 'null' of type 'nint?' [C:\Users\tagyo\Documents\AOSharpDotNet\AOSharp.Core\AOSharp.Core.csproj]
C:\Users\tagyo\Documents\AOSharpDotNet\AOSharp.Core\GMI\GMI.cs(178,30): warning CS0168: The variable 'ex' is declared but never used [C:\Users\tagyo\Documents\AOSharpDotNet\AOSharp.Core\AOSharp.Core.csproj]
C:\Users\tagyo\Documents\AOSharpDotNet\AOSharp.Core\Perk.cs(158,24): warning CS0649: Field 'Perk.PerkMemStruct.TemplateInstance' is never assigned to, and will always have its default value 0 [C:\Users\tagyo\Documents\AOSharpDotNet\AOSharp.Core\AOSharp.Core.csproj]
C:\Users\tagyo\Documents\AOSharpDotNet\AOSharp.Core\Perk.cs(160,24): warning CS0649: Field 'Perk.PerkMemStruct.PerkType' is never assigned to, and will always have its default value 0 [C:\Users\tagyo\Documents\AOSharpDotNet\AOSharp.Core\AOSharp.Core.csproj]
C:\Users\tagyo\Documents\AOSharpDotNet\AOSharp.Core\Perk.cs(162,24): warning CS0649: Field 'Perk.PerkMemStruct.ActionInstance' is never assigned to, and will always have its default value 0 [C:\Users\tagyo\Documents\AOSharpDotNet\AOSharp.Core\AOSharp.Core.csproj]
C:\Users\tagyo\Documents\AOSharpDotNet\AOSharp.Core\Logging\ChatSink.cs(50,42): warning CS0169: The field 'ChatSink._formatProvider' is never used [C:\Users\tagyo\Documents\AOSharpDotNet\AOSharp.Core\AOSharp.Core.csproj]
C:\Users\tagyo\Documents\AOSharpDotNet\AOSharp.Core\Perk.cs(157,24): warning CS0649: Field 'Perk.PerkMemStruct.Instance' is never assigned to, and will always have its default value 0 [C:\Users\tagyo\Documents\AOSharpDotNet\AOSharp.Core\AOSharp.Core.csproj]
C:\Users\tagyo\Documents\AOSharpDotNet\AOSharp.Core\Perk.cs(163,24): warning CS0649: Field 'Perk.PerkMemStruct.RequiredExperience' is never assigned to, and will always have its default value 0 [C:\Users\tagyo\Documents\AOSharpDotNet\AOSharp.Core\AOSharp.Core.csproj]
C:\Users\tagyo\Documents\AOSharpDotNet\AOSharp.Core\Perk.cs(159,24): warning CS0649: Field 'Perk.PerkMemStruct.PrerequisitePerkInstance' is never assigned to, and will always have its default value 0 [C:\Users\tagyo\Documents\AOSharpDotNet\AOSharp.Core\AOSharp.Core.csproj]
C:\Users\tagyo\Documents\AOSharpDotNet\AOSharp.Core\Targeting.cs(16,33): warning CS0649: Field 'Targeting._localTarget' is never assigned to, and will always have its default value [C:\Users\tagyo\Documents\AOSharpDotNet\AOSharp.Core\AOSharp.Core.csproj]
C:\Users\tagyo\Documents\AOSharpDotNet\AOSharp.Core\Perk.cs(161,24): warning CS0649: Field 'Perk.PerkMemStruct.AllowedProfessions' is never assigned to, and will always have its default value 0 [C:\Users\tagyo\Documents\AOSharpDotNet\AOSharp.Core\AOSharp.Core.csproj]
C:\Users\tagyo\Documents\AOSharpDotNet\TestPlugin\Main.cs(164,41): warning CS0618: 'Battlestation.Side' is obsolete: 'AOSharp.Core.Battlestation.Side is obsolete. Use AOSharp.Common.GameData.BattlestationSide instead.' [C:\Users\tagyo\Documents\AOSharpDotNet\TestPlugin\TestPlugin.csproj]
C:\Users\tagyo\Documents\AOSharpDotNet\TestPlugin\Main.cs(164,17): warning CS0618: 'Battlestation.JoinQueue(Battlestation.Side)' is obsolete: 'AOSharp.Core.JoinQueue(AOSharp.Core.Battlestation.Side) is deprecated. Use AOSharp.Core.JoinQueue(AOSharp.Common.GameData.BattlestationSide) instead' [C:\Users\tagyo\Documents\AOSharpDotNet\TestPlugin\TestPlugin.csproj]
C:\Users\tagyo\Documents\AOSharpDotNet\TestPlugin\Main.cs(193,43): warning CS8622: Nullability of reference types in type of parameter 's' of 'void Main.OnTestButtonClicked(object s, ButtonBase button)' doesn't match the target delegate 'EventHandler<ButtonBase>' (possibly because of nullability attributes). [C:\Users\tagyo\Documents\AOSharpDotNet\TestPlugin\TestPlugin.csproj]
C:\Users\tagyo\Documents\AOSharpDotNet\TestPlugin\Main.cs(199,44): warning CS8622: Nullability of reference types in type of parameter 's' of 'void Main.OnTestButtonClicked(object s, ButtonBase button)' doesn't match the target delegate 'EventHandler<ButtonBase>' (possibly because of nullability attributes). [C:\Users\tagyo\Documents\AOSharpDotNet\TestPlugin\TestPlugin.csproj]
C:\Users\tagyo\Documents\AOSharpDotNet\TestPlugin\Main.cs(219,17): warning CS8602: Dereference of a possibly null reference. [C:\Users\tagyo\Documents\AOSharpDotNet\TestPlugin\TestPlugin.csproj]
C:\Users\tagyo\Documents\AOSharpDotNet\TestPlugin\Main.cs(252,30): warning CS8622: Nullability of reference types in type of parameter 's' of 'void Main.OnUpdate(object s, float deltaTime)' doesn't match the target delegate 'EventHandler<float>' (possibly because of nullability attributes). [C:\Users\tagyo\Documents\AOSharpDotNet\TestPlugin\TestPlugin.csproj]
C:\Users\tagyo\Documents\AOSharpDotNet\TestPlugin\Main.cs(253,37): warning CS8622: Nullability of reference types in type of parameter 's' of 'void Main.Game_OnTeleportStarted(object s, EventArgs e)' doesn't match the target delegate 'EventHandler' (possibly because of nullability attributes). [C:\Users\tagyo\Documents\AOSharpDotNet\TestPlugin\TestPlugin.csproj]
C:\Users\tagyo\Documents\AOSharpDotNet\TestPlugin\Main.cs(254,35): warning CS8622: Nullability of reference types in type of parameter 's' of 'void Main.Game_OnTeleportEnded(object s, EventArgs e)' doesn't match the target delegate 'EventHandler' (possibly because of nullability attributes). [C:\Users\tagyo\Documents\AOSharpDotNet\TestPlugin\TestPlugin.csproj]
C:\Users\tagyo\Documents\AOSharpDotNet\TestPlugin\Main.cs(255,36): warning CS8622: Nullability of reference types in type of parameter 's' of 'void Main.Game_OnTeleportFailed(object s, EventArgs e)' doesn't match the target delegate 'EventHandler' (possibly because of nullability attributes). [C:\Users\tagyo\Documents\AOSharpDotNet\TestPlugin\TestPlugin.csproj]
C:\Users\tagyo\Documents\AOSharpDotNet\TestPlugin\Main.cs(256,35): warning CS8622: Nullability of reference types in type of parameter 's' of 'void Main.Game_PlayfieldInit(object s, uint id)' doesn't match the target delegate 'EventHandler<uint>' (possibly because of nullability attributes). [C:\Users\tagyo\Documents\AOSharpDotNet\TestPlugin\TestPlugin.csproj]
C:\Users\tagyo\Documents\AOSharpDotNet\TestPlugin\Main.cs(257,42): warning CS8622: Nullability of reference types in type of parameter 's' of 'void Main.Network_N3MessageReceived(object s, N3Message n3Msg)' doesn't match the target delegate 'EventHandler<N3Message>' (possibly because of nullability attributes). [C:\Users\tagyo\Documents\AOSharpDotNet\TestPlugin\TestPlugin.csproj]
C:\Users\tagyo\Documents\AOSharpDotNet\TestPlugin\Main.cs(258,39): warning CS8622: Nullability of reference types in type of parameter 's' of 'void Main.Network_PacketReceived(object s, byte[] packet)' doesn't match the target delegate 'EventHandler<byte[]>' (possibly because of nullability attributes). [C:\Users\tagyo\Documents\AOSharpDotNet\TestPlugin\TestPlugin.csproj]
C:\Users\tagyo\Documents\AOSharpDotNet\TestPlugin\Main.cs(259,44): warning CS8622: Nullability of reference types in type of parameter 's' of 'void Main.Network_ChatMessageReceived(object s, ChatMessageBody chatMessage)' doesn't match the target delegate 'EventHandler<ChatMessageBody>' (possibly because of nullability attributes). [C:\Users\tagyo\Documents\AOSharpDotNet\TestPlugin\TestPlugin.csproj]
C:\Users\tagyo\Documents\AOSharpDotNet\TestPlugin\Main.cs(260,33): warning CS8622: Nullability of reference types in type of parameter 's' of 'void Main.Team_TeamRequest(object s, TeamRequestEventArgs e)' doesn't match the target delegate 'EventHandler<TeamRequestEventArgs>' (possibly because of nullability attributes). [C:\Users\tagyo\Documents\AOSharpDotNet\TestPlugin\TestPlugin.csproj]
C:\Users\tagyo\Documents\AOSharpDotNet\TestPlugin\Main.cs(261,32): warning CS8622: Nullability of reference types in type of parameter 's' of 'void Main.Team_MemberLeft(object s, Identity leaver)' doesn't match the target delegate 'EventHandler<Identity>' (possibly because of nullability attributes). [C:\Users\tagyo\Documents\AOSharpDotNet\TestPlugin\TestPlugin.csproj]
C:\Users\tagyo\Documents\AOSharpDotNet\TestPlugin\Main.cs(262,30): warning CS8622: Nullability of reference types in type of parameter 's' of 'void Main.Item_ItemUsed(object s, ItemUsedEventArgs e)' doesn't match the target delegate 'EventHandler<ItemUsedEventArgs>' (possibly because of nullability attributes). [C:\Users\tagyo\Documents\AOSharpDotNet\TestPlugin\TestPlugin.csproj]
C:\Users\tagyo\Documents\AOSharpDotNet\TestPlugin\Main.cs(263,44): warning CS8622: Nullability of reference types in type of parameter 's' of 'void Main.NpcDialog_AnswerListChanged(object s, Dictionary<int, string> options)' doesn't match the target delegate 'EventHandler<Dictionary<int, string>>' (possibly because of nullability attributes). [C:\Users\tagyo\Documents\AOSharpDotNet\TestPlugin\TestPlugin.csproj]
C:\Users\tagyo\Documents\AOSharpDotNet\TestPlugin\Main.cs(264,42): warning CS8622: Nullability of reference types in type of parameter 'sender' of 'void Main.OnContainerOpened(object sender, Container container)' doesn't match the target delegate 'EventHandler<Container>' (possibly because of nullability attributes). [C:\Users\tagyo\Documents\AOSharpDotNet\TestPlugin\TestPlugin.csproj]
C:\Users\tagyo\Documents\AOSharpDotNet\TestPlugin\Main.cs(265,31): warning CS8622: Nullability of reference types in type of parameter 'sender' of 'void Main.DuelChallenged(object sender, DuelRequestEventArgs e)' doesn't match the target delegate 'EventHandler<DuelRequestEventArgs>' (possibly because of nullability attributes). [C:\Users\tagyo\Documents\AOSharpDotNet\TestPlugin\TestPlugin.csproj]
C:\Users\tagyo\Documents\AOSharpDotNet\TestPlugin\Main.cs(266,34): warning CS8622: Nullability of reference types in type of parameter 'sender' of 'void Main.DuelStatusChanged(object sender, DuelStatusChangedEventArgs e)' doesn't match the target delegate 'EventHandler<DuelStatusChangedEventArgs>' (possibly because of nullability attributes). [C:\Users\tagyo\Documents\AOSharpDotNet\TestPlugin\TestPlugin.csproj]
C:\Users\tagyo\Documents\AOSharpDotNet\TestPlugin\Main.cs(267,40): warning CS8622: Nullability of reference types in type of parameter 'sender' of 'void Main.OnInspect(object sender, InspectEventArgs inspectArgs)' doesn't match the target delegate 'EventHandler<InspectEventArgs>' (possibly because of nullability attributes). [C:\Users\tagyo\Documents\AOSharpDotNet\TestPlugin\TestPlugin.csproj]
C:\Users\tagyo\Documents\AOSharpDotNet\TestPlugin\Main.cs(380,17): warning CS8602: Dereference of a possibly null reference. [C:\Users\tagyo\Documents\AOSharpDotNet\TestPlugin\TestPlugin.csproj]
C:\Users\tagyo\Documents\AOSharpDotNet\TestPlugin\Main.cs(34,23): warning CS0169: The field 'Main._menu' is never used [C:\Users\tagyo\Documents\AOSharpDotNet\TestPlugin\TestPlugin.csproj]
C:\Users\tagyo\Documents\AOSharpDotNet\AOSharp\ObservableDictionary.cs(55,25): warning CS0109: The member 'ObservableDictionary<TKey, TValue>.Remove(TKey, TValue)' does not hide an accessible member. The new keyword is not required. [C:\Users\tagyo\Documents\AOSharpDotNet\AOSharp\AOSharp_xvz3eicd_wpftmp.csproj]
C:\Users\tagyo\Documents\AOSharpDotNet\AOSharp\Utils.cs(12,27): warning SYSLIB0021: 'MD5CryptoServiceProvider' is obsolete: 'Derived cryptographic types are obsolete. Use the Create method on the base type instead.' (https://aka.ms/dotnet-warnings/SYSLIB0021) [C:\Users\tagyo\Documents\AOSharpDotNet\AOSharp\AOSharp_xvz3eicd_wpftmp.csproj]
C:\Users\tagyo\Documents\AOSharpDotNet\AOSharp\ObservableDictionary.cs(55,25): warning CS0109: The member 'ObservableDictionary<TKey, TValue>.Remove(TKey, TValue)' does not hide an accessible member. The new keyword is not required. [C:\Users\tagyo\Documents\AOSharpDotNet\AOSharp\AOSharp.csproj]
C:\Users\tagyo\Documents\AOSharpDotNet\AOSharp\Utils.cs(12,27): warning SYSLIB0021: 'MD5CryptoServiceProvider' is obsolete: 'Derived cryptographic types are obsolete. Use the Create method on the base type instead.' (https://aka.ms/dotnet-warnings/SYSLIB0021) [C:\Users\tagyo\Documents\AOSharpDotNet\AOSharp\AOSharp.csproj]
    59 Warning(s)
    0 Error(s)

Time Elapsed 00:00:11.55
Building NativeHost (C++ x86)...

  NativeHost.vcxproj -> C:\Users\tagyo\Documents\AOSharpDotNet\bin\Debug\net8.0-windows\NativeHost2.dll

Build succeeded.
